cow = {horn=7, tail={a=5, b=6}}
bull = {horn=7, tail={a=5, b=6}}
8
{horn=8, tail={a=5, b=6}}
{horn=7, tail={a=5, b=6}}
100
{horn=8, tail={a=100, b=6}}
{horn=7, tail={a=100, b=6}}
