list = {nil=<fun>, iterator=<fun>, getTail=<fun>, getHead=<fun>, get=<fun>, isEmpty=<fun>, map=<fun>, cons=<fun>}
a = {nil=<fun>, head=1000, iterator=<fun>, getTail=<fun>, getHead=<fun>, tail={nil=<fun>, head=2000, iterator=<fun>, getTail=<fun>, getHead=<fun>, tail={nil=<fun>, head=3000, iterator=<fun>, getTail=<fun>, getHead=<fun>, tail={nil=<fun>, iterator=<fun>, getTail=<fun>, getHead=<fun>, get=<fun>, isEmpty=<fun>, map=<fun>, cons=<fun>, empty=true}, get=<fun>, isEmpty=<fun>, map=<fun>, cons=<fun>, empty=false}, get=<fun>, isEmpty=<fun>, map=<fun>, cons=<fun>, empty=false}, get=<fun>, isEmpty=<fun>, map=<fun>, cons=<fun>, empty=false}
{nil=<fun>, iterator=<fun>, getTail=<fun>, getHead=<fun>, get=<fun>, isEmpty=<fun>, map=<fun>, cons=<fun>, empty=true}
{nil=<fun>, head=42, iterator=<fun>, getTail=<fun>, getHead=<fun>, tail={nil=<fun>, iterator=<fun>, getTail=<fun>, getHead=<fun>, get=<fun>, isEmpty=<fun>, map=<fun>, cons=<fun>, empty=true}, get=<fun>, isEmpty=<fun>, map=<fun>, cons=<fun>, empty=false}
x = 1000
x = 2000
x = 3000
