rec = <fun>
<fun>
{a=4, b=5}
p = {x=7, y=8}
7
10
{}
57
p = {x=7, y=8}
7
10
{x=10, y=8}
0
f = <fun>
12
{x=7, y=8}
fib = {app=<fun>}
10946
17711
28657
46368
75025
121393
196418
317811
514229
832040
1346269
2178309
3524578
5702887
9227465
