rec = <fun>
<fun>
{a=4, b=5}
p = {x=7, y=8}
7
10
{}
57
p = {x=7, y=8}
7
10
{x=10, y=8}
0
f = <fun>
12
{x=7, y=8}
