<?xml version="1.0" encoding="ASCII"?>
<imp:Store xmi:version="2.0" xmlns:xmi="http://www.omg.org/XMI" xmlns:xsi="http://www.w3.org/2001/XMLSchema-instance" xmlns:imp="http://imp.imp.imp/">
  <values key="a">
    <value xsi:type="imp:IntValue" value="1"/>
  </values>
</imp:Store>
