11
stretch tree of depth 12	 check: 8191
2048	 trees of depth 4	 check: 63488
512	 trees of depth 6	 check: 65024
128	 trees of depth 8	 check: 65408
32	 trees of depth 10	 check: 65504
long lived tree of depth 11	 check: 4095